// Jest Snapshot v1, https://goo.gl/fbAQLP

exports[`The App renders correctly 1`] = `
"
<div class=\\"option-picker\\">
  <div class=\\"MuiContainer-root MuiContainer-maxWidthLg\\">
    <div class=\\"MuiPaper-root MuiPaper-elevation1 MuiCard-root MuiPaper-rounded\\">
      <button class=\\"MuiButtonBase-root MuiCardActionArea-root\\" tabindex=\\"0\\" type=\\"button\\">
        <p class=\\"MuiTypography-root MuiTypography-body1\\">Option 1</p>
        <img src=\\"image/1\\">
        <span class=\\"MuiCardActionArea-focusHighlight\\"></span>
      </button>
    </div>
    <div class=\\"MuiPaper-root MuiPaper-elevation1 MuiCard-root MuiPaper-rounded\\">
      <button class=\\"MuiButtonBase-root MuiCardActionArea-root\\" tabindex=\\"0\\" type=\\"button\\">
        <p class=\\"MuiTypography-root MuiTypography-body1\\">Option 2</p>
        <img src=\\"image/2\\">
        <span class=\\"MuiCardActionArea-focusHighlight\\"></span>
      </button>
    </div>
    <div class=\\"MuiPaper-root MuiPaper-elevation1 MuiCard-root MuiPaper-rounded\\">
      <button class=\\"MuiButtonBase-root MuiCardActionArea-root\\" tabindex=\\"0\\" type=\\"button\\">
        <p class=\\"MuiTypography-root MuiTypography-body1\\">Option 3</p>
        <img src=\\"image/3\\">
        <span class=\\"MuiCardActionArea-focusHighlight\\"></span>
      </button>
    </div>
  </div>
  <button>Done</button>
</div>
"
`;
