// Jest Snapshot v1, https://goo.gl/fbAQLP

exports[`The Option Picker renders correctly 1`] = `
"
<div class=\\"MuiPaper-root MuiPaper-elevation1 MuiCard-root MuiPaper-rounded\\">
  <button class=\\"MuiButtonBase-root MuiCardActionArea-root\\" tabindex=\\"0\\" type=\\"button\\">
    <p class=\\"MuiTypography-root MuiTypography-body1\\">title</p>
    <img src=\\"image\\">
    <span class=\\"MuiCardActionArea-focusHighlight\\"></span>
  </button>
</div>
"
`;
